// Jest Snapshot v1, https://goo.gl/fbAQLP

exports[`<App> Render <App> 1`] = `
<button
  className="welcome__button"
  onClick={[Function]}
>
  <span
    className="visually-hidden"
  >
    Начать игру
  </span>
</button>
`;
